{
  "version": "1.5.0",
  "plugins_used": [
    {
      "name": "ArtifactoryDetector"
    },
    {
      "name": "AWSKeyDetector"
    },
    {
      "name": "AzureStorageKeyDetector"
    },
    {
      "name": "Base64HighEntropyString",
      "limit": 4.5
    },
    {
      "name": "BasicAuthDetector"
    },
    {
      "name": "CloudantDetector"
    },
    {
      "name": "DiscordBotTokenDetector"
    },
    {
      "name": "GitHubTokenDetector"
    },
    {
      "name": "GitLabTokenDetector"
    },
    {
      "name": "HexHighEntropyString",
      "limit": 3.0
    },
    {
      "name": "IbmCloudIamDetector"
    },
    {
      "name": "IbmCosHmacDetector"
    },
    {
      "name": "IPPublicDetector"
    },
    {
      "name": "JwtTokenDetector"
    },
    {
      "name": "KeywordDetector",
      "keyword_exclude": ""
    },
    {
      "name": "MailchimpDetector"
    },
    {
      "name": "NpmDetector"
    },
    {
      "name": "OpenAIDetector"
    },
    {
      "name": "PrivateKeyDetector"
    },
    {
      "name": "PypiTokenDetector"
    },
    {
      "name": "SendGridDetector"
    },
    {
      "name": "SlackDetector"
    },
    {
      "name": "SoftlayerDetector"
    },
    {
      "name": "SquareOAuthDetector"
    },
    {
      "name": "StripeDetector"
    },
    {
      "name": "TelegramBotTokenDetector"
    },
    {
      "name": "TwilioKeyDetector"
    }
  ],
  "filters_used": [
    {
      "path": "detect_secrets.filters.allowlist.is_line_allowlisted"
    },
    {
      "path": "detect_secrets.filters.common.is_baseline_file",
      "filename": ".secrets.baseline"
    },
    {
      "path": "detect_secrets.filters.common.is_ignored_due_to_verification_policies",
      "min_level": 2
    },
    {
      "path": "detect_secrets.filters.gibberish.should_exclude_secret",
      "limit": 3.7
    },
    {
      "path": "detect_secrets.filters.heuristic.is_indirect_reference"
    },
    {
      "path": "detect_secrets.filters.heuristic.is_likely_id_string"
    },
    {
      "path": "detect_secrets.filters.heuristic.is_lock_file"
    },
    {
      "path": "detect_secrets.filters.heuristic.is_not_alphanumeric_string"
    },
    {
      "path": "detect_secrets.filters.heuristic.is_potential_uuid"
    },
    {
      "path": "detect_secrets.filters.heuristic.is_prefixed_with_dollar_sign"
    },
    {
      "path": "detect_secrets.filters.heuristic.is_sequential_string"
    },
    {
      "path": "detect_secrets.filters.heuristic.is_swagger_file"
    },
    {
      "path": "detect_secrets.filters.heuristic.is_templated_secret"
    }
  ],
  "results": {
    "test/bitbucket-devops-pull-requests-ui-test.el": [
      {
        "type": "Hex High Entropy String",
        "filename": "test/bitbucket-devops-pull-requests-ui-test.el",
        "hashed_secret": "6740d1ecb48c5c9ca3b2a3cb1ca2f4b4d4487473",
        "is_verified": false,
        "line_number": 1336,
        "is_secret": false
      },
      {
        "type": "Hex High Entropy String",
        "filename": "test/bitbucket-devops-pull-requests-ui-test.el",
        "hashed_secret": "f27f485d712eaf5b2e805569a6751cdd18233d43",
        "is_verified": false,
        "line_number": 2545,
        "is_secret": false
      }
    ],
    "test/fixtures/pipeline-details.json": [
      {
        "type": "Hex High Entropy String",
        "filename": "test/fixtures/pipeline-details.json",
        "hashed_secret": "158b484ae1f6f64f89da22397d25fbdafad02252",
        "is_verified": false,
        "line_number": 19,
        "is_secret": false
      }
    ],
    "test/fixtures/pipelines-page-1.json": [
      {
        "type": "Hex High Entropy String",
        "filename": "test/fixtures/pipelines-page-1.json",
        "hashed_secret": "158b484ae1f6f64f89da22397d25fbdafad02252",
        "is_verified": false,
        "line_number": 22,
        "is_secret": false
      }
    ],
    "test/fixtures/pipelines-page-2.json": [
      {
        "type": "Hex High Entropy String",
        "filename": "test/fixtures/pipelines-page-2.json",
        "hashed_secret": "01499c5ba34738d7fa47a8584568d8c33c22625e",
        "is_verified": false,
        "line_number": 22,
        "is_secret": false
      }
    ],
    "test/fixtures/pull-request-commits.json": [
      {
        "type": "Hex High Entropy String",
        "filename": "test/fixtures/pull-request-commits.json",
        "hashed_secret": "f27f485d712eaf5b2e805569a6751cdd18233d43",
        "is_verified": false,
        "line_number": 7,
        "is_secret": false
      },
      {
        "type": "Hex High Entropy String",
        "filename": "test/fixtures/pull-request-commits.json",
        "hashed_secret": "3dfa5bbc59f2bc3d4dd32fbae0fb2f7e5cf8123c",
        "is_verified": false,
        "line_number": 15,
        "is_secret": false
      }
    ]
  },
  "generated_at": "2026-06-20T18:06:41Z"
}
